// Jest Snapshot v1, https://goo.gl/fbAQLP

exports[`components Main should render self and subcomponents 1`] = `
ShallowWrapper {
  "length": 1,
  Symbol(enzyme.__root__): [Circular],
  Symbol(enzyme.__unrendered__): <App />,
  Symbol(enzyme.__renderer__): Object {
    "batchedUpdates": [Function],
    "getNode": [Function],
    "render": [Function],
    "simulateEvent": [Function],
    "unmount": [Function],
  },
  Symbol(enzyme.__node__): Object {
    "instance": null,
    "key": undefined,
    "nodeType": "function",
    "props": Object {
      "children": Array [
        <UNDEFINED
          style={
            Object {
              "fontSize": 40,
              "padding": 10,
            }
          }
        >
          Welcome 
        </UNDEFINED>,
        <UNDEFINED
          onChangeText={[Function]}
          placeholder="Type name"
          style={
            Object {
              "fontSize": 40,
              "height": 40,
            }
          }
        />,
        <Progress
          amount={0}
        />,
      ],
      "style": Object {
        "padding": 20,
      },
    },
    "ref": null,
    "rendered": Array [
      Object {
        "instance": null,
        "key": undefined,
        "nodeType": "function",
        "props": Object {
          "children": "Welcome ",
          "style": Object {
            "fontSize": 40,
            "padding": 10,
          },
        },
        "ref": null,
        "rendered": "Welcome ",
        "type": undefined,
      },
      Object {
        "instance": null,
        "key": undefined,
        "nodeType": "function",
        "props": Object {
          "onChangeText": [Function],
          "placeholder": "Type name",
          "style": Object {
            "fontSize": 40,
            "height": 40,
          },
        },
        "ref": null,
        "rendered": null,
        "type": undefined,
      },
      Object {
        "instance": null,
        "key": undefined,
        "nodeType": "function",
        "props": Object {
          "amount": 0,
        },
        "ref": null,
        "rendered": null,
        "type": [Function],
      },
    ],
    "type": undefined,
  },
  Symbol(enzyme.__nodes__): Array [
    Object {
      "instance": null,
      "key": undefined,
      "nodeType": "function",
      "props": Object {
        "children": Array [
          <UNDEFINED
            style={
              Object {
                "fontSize": 40,
                "padding": 10,
              }
            }
          >
            Welcome 
          </UNDEFINED>,
          <UNDEFINED
            onChangeText={[Function]}
            placeholder="Type name"
            style={
              Object {
                "fontSize": 40,
                "height": 40,
              }
            }
          />,
          <Progress
            amount={0}
          />,
        ],
        "style": Object {
          "padding": 20,
        },
      },
      "ref": null,
      "rendered": Array [
        Object {
          "instance": null,
          "key": undefined,
          "nodeType": "function",
          "props": Object {
            "children": "Welcome ",
            "style": Object {
              "fontSize": 40,
              "padding": 10,
            },
          },
          "ref": null,
          "rendered": "Welcome ",
          "type": undefined,
        },
        Object {
          "instance": null,
          "key": undefined,
          "nodeType": "function",
          "props": Object {
            "onChangeText": [Function],
            "placeholder": "Type name",
            "style": Object {
              "fontSize": 40,
              "height": 40,
            },
          },
          "ref": null,
          "rendered": null,
          "type": undefined,
        },
        Object {
          "instance": null,
          "key": undefined,
          "nodeType": "function",
          "props": Object {
            "amount": 0,
          },
          "ref": null,
          "rendered": null,
          "type": [Function],
        },
      ],
      "type": undefined,
    },
  ],
  Symbol(enzyme.__options__): Object {
    "adapter": ReactSixteenAdapter {
      "options": Object {
        "enableComponentDidUpdateOnSetState": true,
      },
    },
  },
}
`;
