// Jest Snapshot v1, https://goo.gl/fbAQLP

exports[`components Login should render self and subcomponents 1`] = `
ShallowWrapper {
  "length": 1,
  Symbol(enzyme.__root__): [Circular],
  Symbol(enzyme.__unrendered__): <Login
    login={
      Object {
        "isLoggedIn": false,
        "user": null,
      }
    }
  />,
  Symbol(enzyme.__renderer__): Object {
    "batchedUpdates": [Function],
    "getNode": [Function],
    "render": [Function],
    "simulateEvent": [Function],
    "unmount": [Function],
  },
  Symbol(enzyme.__node__): Object {
    "instance": null,
    "key": undefined,
    "nodeType": "class",
    "props": Object {
      "children": Array [
        <Text
          accessible={true}
          allowFontScaling={true}
          ellipsizeMode="tail"
        >
          Login
        </Text>,
        <UNDEFINED
          button={true}
          onPress={[Function]}
          title="Sign In With Facebook"
          type="facebook"
        />,
      ],
      "style": Object {
        "padding": 40,
      },
    },
    "ref": null,
    "rendered": Array [
      Object {
        "instance": null,
        "key": undefined,
        "nodeType": "class",
        "props": Object {
          "accessible": true,
          "allowFontScaling": true,
          "children": "Login",
          "ellipsizeMode": "tail",
        },
        "ref": null,
        "rendered": "Login",
        "type": [Function],
      },
      Object {
        "instance": null,
        "key": undefined,
        "nodeType": "function",
        "props": Object {
          "button": true,
          "onPress": [Function],
          "title": "Sign In With Facebook",
          "type": "facebook",
        },
        "ref": null,
        "rendered": null,
        "type": undefined,
      },
    ],
    "type": [Function],
  },
  Symbol(enzyme.__nodes__): Array [
    Object {
      "instance": null,
      "key": undefined,
      "nodeType": "class",
      "props": Object {
        "children": Array [
          <Text
            accessible={true}
            allowFontScaling={true}
            ellipsizeMode="tail"
          >
            Login
          </Text>,
          <UNDEFINED
            button={true}
            onPress={[Function]}
            title="Sign In With Facebook"
            type="facebook"
          />,
        ],
        "style": Object {
          "padding": 40,
        },
      },
      "ref": null,
      "rendered": Array [
        Object {
          "instance": null,
          "key": undefined,
          "nodeType": "class",
          "props": Object {
            "accessible": true,
            "allowFontScaling": true,
            "children": "Login",
            "ellipsizeMode": "tail",
          },
          "ref": null,
          "rendered": "Login",
          "type": [Function],
        },
        Object {
          "instance": null,
          "key": undefined,
          "nodeType": "function",
          "props": Object {
            "button": true,
            "onPress": [Function],
            "title": "Sign In With Facebook",
            "type": "facebook",
          },
          "ref": null,
          "rendered": null,
          "type": undefined,
        },
      ],
      "type": [Function],
    },
  ],
  Symbol(enzyme.__options__): Object {
    "adapter": ReactSixteenAdapter {
      "options": Object {
        "enableComponentDidUpdateOnSetState": true,
      },
    },
  },
}
`;
