// Jest Snapshot v1, https://goo.gl/fbAQLP

exports[`components Main should render self and subcomponents 1`] = `
ShallowWrapper {
  "length": 1,
  Symbol(enzyme.__root__): [Circular],
  Symbol(enzyme.__unrendered__): <Progress />,
  Symbol(enzyme.__renderer__): Object {
    "batchedUpdates": [Function],
    "getNode": [Function],
    "render": [Function],
    "simulateEvent": [Function],
    "unmount": [Function],
  },
  Symbol(enzyme.__node__): Object {
    "instance": null,
    "key": undefined,
    "nodeType": "function",
    "props": Object {
      "children": Array [
        <UNDEFINED>
          Progress: 
        </UNDEFINED>,
        <UNDEFINED />,
      ],
    },
    "ref": null,
    "rendered": Array [
      Object {
        "instance": null,
        "key": undefined,
        "nodeType": "function",
        "props": Object {
          "children": Array [
            "Progress: ",
            undefined,
          ],
        },
        "ref": null,
        "rendered": Array [
          "Progress: ",
          undefined,
        ],
        "type": undefined,
      },
      Object {
        "instance": null,
        "key": undefined,
        "nodeType": "function",
        "props": Object {},
        "ref": null,
        "rendered": null,
        "type": undefined,
      },
    ],
    "type": undefined,
  },
  Symbol(enzyme.__nodes__): Array [
    Object {
      "instance": null,
      "key": undefined,
      "nodeType": "function",
      "props": Object {
        "children": Array [
          <UNDEFINED>
            Progress: 
          </UNDEFINED>,
          <UNDEFINED />,
        ],
      },
      "ref": null,
      "rendered": Array [
        Object {
          "instance": null,
          "key": undefined,
          "nodeType": "function",
          "props": Object {
            "children": Array [
              "Progress: ",
              undefined,
            ],
          },
          "ref": null,
          "rendered": Array [
            "Progress: ",
            undefined,
          ],
          "type": undefined,
        },
        Object {
          "instance": null,
          "key": undefined,
          "nodeType": "function",
          "props": Object {},
          "ref": null,
          "rendered": null,
          "type": undefined,
        },
      ],
      "type": undefined,
    },
  ],
  Symbol(enzyme.__options__): Object {
    "adapter": ReactSixteenAdapter {
      "options": Object {
        "enableComponentDidUpdateOnSetState": true,
      },
    },
  },
}
`;
